// Jest Snapshot v1, https://goo.gl/fbAQLP

exports[`default render correctly 1`] = `
Array [
  <header
    className="header"
  >
    <a
      className="header__logo-link"
      href="/"
      onClick={[Function]}
    >
      reStore
    </a>
    <div
      className="order-result"
    >
      <a
        aria-label="order"
        className="order-result__button btn btn-success btn-sm"
        href="/cart"
        onClick={[Function]}
      >
        <i
          aria-hidden="true"
          className="fa fa-shopping-cart"
        />
      </a>
      <span
        className="order-result__count"
      >
        The cart is empty
      </span>
      <span />
    </div>
  </header>,
  <div
    className="spinner"
  >
    <div
      className="loadingio-spinner-pulse-rbotfoul9n8"
    >
      <div
        className="ldio-pq0x2rh9c7q"
      >
        <div />
        <div />
        <div />
      </div>
    </div>
  </div>,
]
`;

exports[`renders correctly 1`] = `
Array [
  <header
    className="header"
  >
    <a
      className="header__logo-link"
      href="/"
      onClick={[Function]}
    >
      reStore
    </a>
    <div
      className="order-result"
    >
      <a
        aria-label="order"
        className="order-result__button btn btn-success btn-sm"
        href="/cart"
        onClick={[Function]}
      >
        <i
          aria-hidden="true"
          className="fa fa-shopping-cart"
        />
      </a>
      <span
        className="order-result__count"
      >
        The cart is empty
      </span>
      <span />
    </div>
  </header>,
  <div
    className="spinner"
  >
    <div
      className="loadingio-spinner-pulse-rbotfoul9n8"
    >
      <div
        className="ldio-pq0x2rh9c7q"
      >
        <div />
        <div />
        <div />
      </div>
    </div>
  </div>,
]
`;
